\BOOKMARK [0][-]{chapter.1}{\376\377\176\352\213\272}{}% 1
\BOOKMARK [1][-]{section.1.1}{\376\377\230\171\166\356\133\214\142\020\140\305\121\265}{chapter.1}% 2
\BOOKMARK [1][-]{section.1.2}{\376\377\213\376\230\230\200\314\146\157\116\016\141\017\116\111}{chapter.1}% 3
\BOOKMARK [1][-]{section.1.3}{\376\377\145\207\116\366\173\241\164\006\174\373\176\337\116\313\176\315}{chapter.1}% 4
\BOOKMARK [2][-]{subsection.1.3.1}{\376\377\174\373\176\337\116\073\211\201\122\237\200\375}{section.1.3}% 5
\BOOKMARK [2][-]{subsection.1.3.2}{\376\377\174\373\176\337\144\315\117\134\145\271\137\017}{section.1.3}% 6
\BOOKMARK [1][-]{section.1.4}{\376\377\166\370\121\163\137\000\123\321\142\200\147\057\116\313\176\315}{chapter.1}% 7
\BOOKMARK [2][-]{subsection.1.4.1}{\376\377\000H\000T\000M\000L\000\040\116\016\000\040\000C\000S\000S\000\040\142\200\147\057\116\313\176\315}{section.1.4}% 8
\BOOKMARK [2][-]{subsection.1.4.2}{\376\377\000j\000Q\000u\000e\000r\000y\000\040\000U\000I\000\040\142\200\147\057\116\313\176\315}{section.1.4}% 9
\BOOKMARK [2][-]{subsection.1.4.3}{\376\377\000F\000l\000a\000s\000k\000\040\150\106\147\266\116\313\176\315}{section.1.4}% 10
\BOOKMARK [0][-]{chapter.2}{\376\377\174\373\176\337\122\006\147\220}{}% 11
\BOOKMARK [1][-]{section.2.1}{\376\377\227\000\154\102\122\006\147\220}{chapter.2}% 12
\BOOKMARK [2][-]{subsection.2.1.1}{\376\377\145\207\116\366\116\012\117\040\227\000\154\102}{section.2.1}% 13
\BOOKMARK [2][-]{subsection.2.1.2}{\376\377\145\207\116\366\116\013\217\175\227\000\154\102}{section.2.1}% 14
\BOOKMARK [2][-]{subsection.2.1.3}{\376\377\145\207\116\366\122\040\226\144\227\000\154\102}{section.2.1}% 15
\BOOKMARK [1][-]{section.2.2}{\376\377\122\237\200\375\122\006\147\220}{chapter.2}% 16
\BOOKMARK [2][-]{subsection.2.2.1}{\376\377\127\372\147\054\122\237\200\375}{section.2.2}% 17
\BOOKMARK [2][-]{subsection.2.2.2}{\376\377\142\323\134\125\122\237\200\375}{section.2.2}% 18
\BOOKMARK [1][-]{section.2.3}{\376\377\174\373\176\337\176\323\147\204\122\006\147\220}{chapter.2}% 19
\BOOKMARK [0][-]{chapter.3}{\376\377\213\346\176\306\213\276\213\241\123\312\133\236\163\260}{}% 20
\BOOKMARK [1][-]{section.3.1}{\376\377\174\373\176\337\140\073\117\123\213\276\213\241}{chapter.3}% 21
\BOOKMARK [1][-]{section.3.2}{\376\377\165\050\142\067\165\114\227\142\213\276\213\241}{chapter.3}% 22
\BOOKMARK [2][-]{subsection.3.2.1}{\376\377\145\207\116\366\116\012\117\040\123\072\127\337\213\276\213\241}{section.3.2}% 23
\BOOKMARK [2][-]{subsection.3.2.2}{\376\377\145\207\116\366\173\241\164\006\123\072\127\337\213\276\213\241}{section.3.2}% 24
\BOOKMARK [1][-]{section.3.3}{\376\377\000j\000Q\000u\000e\000r\000y\000\040\000U\000I\000\040\176\304\116\366\213\276\213\241}{chapter.3}% 25
\BOOKMARK [2][-]{subsection.3.3.1}{\376\377\220\011\230\171\123\141\176\304\116\366}{section.3.3}% 26
\BOOKMARK [2][-]{subsection.3.3.2}{\376\377\143\011\224\256\176\304\116\366}{section.3.3}% 27
\BOOKMARK [2][-]{subsection.3.3.3}{\376\377\217\333\136\246\147\141\176\304\116\366}{section.3.3}% 28
\BOOKMARK [2][-]{subsection.3.3.4}{\376\377\133\371\213\335\150\106\176\304\116\366}{section.3.3}% 29
\BOOKMARK [1][-]{section.3.4}{\376\377\145\207\116\366\116\012\117\040\122\237\200\375\133\236\163\260}{chapter.3}% 30
\BOOKMARK [1][-]{section.3.5}{\376\377\145\207\116\366\116\013\217\175\122\237\200\375\133\236\163\260}{chapter.3}% 31
\BOOKMARK [1][-]{section.3.6}{\376\377\145\207\116\366\122\040\226\144\122\237\200\375\133\236\163\260}{chapter.3}% 32
\BOOKMARK [1][-]{section.3.7}{\376\377\137\002\136\070\131\004\164\006\116\016\133\211\121\150\213\276\213\241}{chapter.3}% 33
\BOOKMARK [0][-]{chapter.4}{\376\377\174\373\176\337\155\113\213\325}{}% 34
\BOOKMARK [1][-]{section.4.1}{\376\377\155\113\213\325\163\257\130\203}{chapter.4}% 35
\BOOKMARK [2][-]{subsection.4.1.1}{\376\377\170\154\116\366\163\257\130\203}{section.4.1}% 36
\BOOKMARK [2][-]{subsection.4.1.2}{\376\377\217\157\116\366\163\257\130\203}{section.4.1}% 37
\BOOKMARK [1][-]{section.4.2}{\376\377\230\165\227\142\146\076\171\072\155\113\213\325}{chapter.4}% 38
\BOOKMARK [1][-]{section.4.3}{\376\377\145\207\116\366\116\012\117\040\155\113\213\325}{chapter.4}% 39
\BOOKMARK [1][-]{section.4.4}{\376\377\145\207\116\366\116\013\217\175\155\113\213\325}{chapter.4}% 40
\BOOKMARK [1][-]{section.4.5}{\376\377\145\207\116\366\122\040\226\144\155\113\213\325}{chapter.4}% 41
\BOOKMARK [1][-]{section.4.6}{\376\377\137\002\136\070\140\305\121\265\155\113\213\325}{chapter.4}% 42
\BOOKMARK [1][-]{section.4.7}{\376\377\155\113\213\325\134\017\176\323}{chapter.4}% 43
\BOOKMARK [0][-]{chapter.5}{\376\377\140\073\176\323\116\016\134\125\147\033}{}% 44
\BOOKMARK [1][-]{section.5.1}{\376\377\213\376\172\013\213\276\213\241\140\073\176\323}{chapter.5}% 45
\BOOKMARK [1][-]{section.5.2}{\376\377\174\373\176\337\116\015\215\263}{chapter.5}% 46
\BOOKMARK [1][-]{section.5.3}{\376\377\145\071\217\333\145\271\124\021}{chapter.5}% 47
